05-26 19:12:54.495 31428 31428 I llama-bench: vendor/qcom/proprietary/adsprpc/src/fastrpc_apps_user.c:2332: Info: remote_get_info capability of attribute 257 for domain 3 is 1
05-26 19:12:54.495 31428 31428 E llama-bench: vendor/qcom/proprietary/adsprpc/src/fastrpc_apps_user.c:1477: Error 0x80000414: remote_handle64_invoke failed for handle 0xb400007951dc0a10, interface libdspqueue_rpc_skel.so method 3 on domain 3 (sc 0x3010100) (errno Success) (user err 0x80000414)
05-26 19:12:54.495 31428 31428 I llama-bench: vendor/qcom/proprietary/adsprpc/src/dspqueue/dspqueue_cpu.c:642: dspqueue_create: created Queue 0, 0xb4000077e1d27ed0, DSP 0x00000000 for domain 3
05-26 19:12:54.746  1117  1120 D io_stats: !@ cpu boost: status(ON), traffic_level(3), io_cpus(0x3d), boosted_cpus(0x3d), set_freq(2000000)
05-26 19:12:55.001  1798  2034 E HeatmapThread: ECT Thread time in milliseconds: 1779790375
05-26 19:12:55.002  1798  2034 D HeatmapThread: !@ batteryplugType : 2
05-26 19:12:55.002  1798  2034 D HeatmapThread: !@ batteryLevel : 79  batteryTemperature : 278 
05-26 19:12:55.002  1798  2034 D HeatmapThread: !@ Heatmap currtime: 29663172
05-26 19:12:55.002  1798  2034 D HeatmapThread: !@ Heatmap prevtime: 29663171
05-26 19:12:55.002  1798  2034 D HeatmapThread: !@ Heatmap plugstarttime: 29647331
05-26 19:12:55.002  1798  2034 D HeatmapThread: !@ Heatmap prevv_dsoh_update_time: 29663171
05-26 19:12:55.002  1798  2034 E HeatmapThread: !@ CAM New BSOH: 100
05-26 19:12:55.002  1798  2034 E HeatmapThread: !@ CAM is Working
05-26 19:12:55.832  1117  1117 D io_stats: !@   8,0 r 3382371 138566456 w 3635545 64950380 d 833246 284874140 f 58665 381273 iot 1245980 0 th 0 0 0 pt 0 inp 0 0 950488.104
05-26 19:12:55.832  1117  1117 D io_stats: !@ Read_top(KB): llama-bench:normal(31428) 1042160 kworker/u18:0:/(15560) 8
05-26 19:12:56.004  1798  2034 E HeatmapThread: ECT Thread time in milliseconds: 1779790376
05-26 19:12:56.005  1798  2034 D HeatmapThread: !@ batteryplugType : 2
05-26 19:12:56.005  1798  2034 D HeatmapThread: !@ batteryLevel : 79  batteryTemperature : 278 
05-26 19:12:56.005  1798  2034 D HeatmapThread: !@ Heatmap currtime: 29663172
05-26 19:12:56.005  1798  2034 D HeatmapThread: !@ Heatmap prevtime: 29663171
05-26 19:12:56.005  1798  2034 D HeatmapThread: !@ Heatmap plugstarttime: 29647331
05-26 19:12:56.005  1798  2034 D HeatmapThread: !@ Heatmap prevv_dsoh_update_time: 29663171
05-26 19:12:56.005  1798  2034 E HeatmapThread: !@ CAM New BSOH: 100
05-26 19:12:56.005  1798  2034 E HeatmapThread: !@ CAM is Working
05-26 19:12:57.001  1798  2034 E HeatmapThread: ECT Thread time in milliseconds: 1779790377
05-26 19:12:57.002  1798  2034 D HeatmapThread: !@ batteryplugType : 2
05-26 19:12:57.002  1798  2034 D HeatmapThread: !@ batteryLevel : 79  batteryTemperature : 278 
05-26 19:12:57.002  1798  2034 D HeatmapThread: !@ Heatmap currtime: 29663172
05-26 19:12:57.002  1798  2034 D HeatmapThread: !@ Heatmap prevtime: 29663171
05-26 19:12:57.002  1798  2034 D HeatmapThread: !@ Heatmap plugstarttime: 29647331
05-26 19:12:57.002  1798  2034 D HeatmapThread: !@ Heatmap prevv_dsoh_update_time: 29663171
05-26 19:12:57.002  1798  2034 E HeatmapThread: !@ CAM New BSOH: 100
05-26 19:12:57.002  1798  2034 E HeatmapThread: !@ CAM is Working
05-26 19:12:57.570  1760  2613 I thermal_core: pivot(AP) : 393, skin : 301
05-26 19:12:57.603  1725  5582 D AHAL_ModulePrimary_QTI: getVendorParameters: id count: 1
05-26 19:12:57.603  1725  5582 I PAL: ResourceManager: getActiveStream_l: 6569: no active streams found for device 3 ret -2
05-26 19:12:57.603  1725  5582 D AHAL_SecModulePrimary: onGetSECGenericParameters get temperature for g_hw_speaker_amp_temp_rcv: 0
05-26 19:12:57.603  1725  1742 D AHAL_ModulePrimary_QTI: getVendorParameters: id count: 1
05-26 19:12:57.603  1725  1742 I PAL: ResourceManager: getActiveStream_l: 6569: no active streams found for device 3 ret -2
05-26 19:12:57.603  1725  1742 D AHAL_SecModulePrimary: onGetSECGenericParameters get temperature for g_hw_speaker_amp_temp_spk: 0
05-26 19:12:57.603  5788  6546 I SDHMS:x : SIOP:: AP:393 BAT:281 USB:262 CHG:319 PA:361 WIFI:392 CF:316 BLK:0 SUBBAT:0 LRPTHM:329 SKIN:312 SKINF:302 SKINB:312 LRP:312 LRF:302 LRB:312 APT:302 APR:312 RCV:283 SPK:262 CHGF:300 CHGR:306 MEMF:299 MEMR:303 WIFIF:299 WIFIR:307 FCAM:262 UPSPK:299 DNSPK:261 VAP:328 VWIFI:313 AMB2:253 HIGH:0 AVGCUR:-57 POWER:-239
05-26 19:12:57.603  5788  6546 I AudioManager: setParameters keyValuePairs = g_hw_speaker_amp_temp_spk=26
05-26 19:12:57.603  1786  1786 D AudioFlinger: setParameters: filtered dev setParameters keyvalue g_hw_speaker_amp_temp_spk=26
05-26 19:12:57.603  1725  5582 D AHAL_HFP_QTI: hfp_set_parameters enter
05-26 19:12:57.603  1725  5582 D AHAL_HFP_QTI: hfp_set_parameters Exit
05-26 19:12:57.603  1725  5582 D AHAL_SecModulePrimary: processSetVendorParameters: configured g_hw_speaker_amp_temp_spk
05-26 19:12:57.603  1725  5582 D AHAL_SecModulePrimary: processSetVendorParameters: handler set on Feature:0
05-26 19:12:57.603  1725  5582 D AHAL_SecModulePrimary: onSetSECGenericParameters set temperature for g_hw_speaker_amp_temp_spk: 26
05-26 19:12:57.603  1725  5582 I PAL: API: pal_set_param: 1377: Enter: param id 3002
05-26 19:12:57.603  1725  5582 I PAL: ResourceManager: getActiveStream_l: 6569: no active streams found for device 3 ret -2
05-26 19:12:57.603  1786  1786 E ConversionHelperAidl: Function: parseAndSetVendorParameters Line: 94 Failed 
05-26 19:12:57.603  1786  1786 E ConversionHelperAidl: Function: parseAndSetVendorParameters Line: 94 Failed 
05-26 19:12:57.604  5788  6546 I AudioManager: setParameters keyValuePairs = g_hw_speaker_amp_temp_rcv=28
05-26 19:12:57.604  1786  1786 D AudioFlinger: setParameters: filtered dev setParameters keyvalue g_hw_speaker_amp_temp_rcv=28
05-26 19:12:57.604  1725  1742 D AHAL_HFP_QTI: hfp_set_parameters enter
05-26 19:12:57.604  1725  1742 D AHAL_HFP_QTI: hfp_set_parameters Exit
05-26 19:12:57.604  1725  1742 D AHAL_SecModulePrimary: processSetVendorParameters: configured g_hw_speaker_amp_temp_rcv
05-26 19:12:57.604  1725  1742 D AHAL_SecModulePrimary: processSetVendorParameters: handler set on Feature:0
05-26 19:12:57.604  1725  1742 D AHAL_SecModulePrimary: onSetSECGenericParameters set temperature for g_hw_speaker_amp_temp_rcv: 28
05-26 19:12:57.604  1725  1742 I PAL: API: pal_set_param: 1377: Enter: param id 3001
05-26 19:12:57.604  1725  1742 I PAL: ResourceManager: getActiveStream_l: 6569: no active streams found for device 3 ret -2
05-26 19:12:57.604  1786  1786 E ConversionHelperAidl: Function: parseAndSetVendorParameters Line: 94 Failed 
05-26 19:12:57.604  1786  1786 E ConversionHelperAidl: Function: parseAndSetVendorParameters Line: 94 Failed 
05-26 19:12:57.688  4178  4178 I wpa_supplicant: Heartbeat 94962
05-26 19:12:57.832  1117  1117 D io_stats: !@   8,0 r 3382373 138566464 w 3635553 64950404 d 833246 284874140 f 58665 381275 iot 1245984 0 th 0 0 0 pt 0 inp 0 0 950490.104
05-26 19:12:57.892 31428 31428 I llama-bench: vendor/qcom/proprietary/adsprpc/src/fastrpc_apps_user.c:4532: close_dev: unloading library libcdsprpc.so
05-26 19:12:57.892 31428 31428 I llama-bench: vendor/qcom/proprietary/adsprpc/src/fastrpc_apps_user.c:3504: domain_deinit for domain 0: dev -1
05-26 19:12:57.892 31428 31428 I llama-bench: vendor/qcom/proprietary/adsprpc/src/fastrpc_apps_user.c:3504: domain_deinit for domain 1: dev -1
05-26 19:12:57.892 31428 31428 I llama-bench: vendor/qcom/proprietary/adsprpc/src/fastrpc_apps_user.c:3504: domain_deinit for domain 2: dev -1
05-26 19:12:57.892 31428 31428 I llama-bench: vendor/qcom/proprietary/adsprpc/src/fastrpc_apps_user.c:3504: domain_deinit for domain 3: dev 10
05-26 19:12:57.892 31428 31428 I llama-bench: vendor/qcom/proprietary/adsprpc/src/dspsignal.c:123: dspsignal_domain_deinit done for domain 3
05-26 19:12:57.892 31428 31436 I llama-bench: vendor/qcom/proprietary/adsprpc/src/fastrpc_apps_user.c:2205: get_remote_notif_response: received status notification 1 for domain 3, session 0
05-26 19:12:57.892 31428 31436 I llama-bench: vendor/qcom/proprietary/adsprpc/src/dspqueue/dspqueue_cpu.c:2214: dspqueue_notif_callback for domain 3, session 0, status 1
05-26 19:12:57.892 31428 31436 E llama-bench: vendor/qcom/proprietary/adsprpc/src/dspsignal.c:275::Error: 0xd: (ds = signals->domain_signals[domain]) != NULL
05-26 19:12:57.892 31428 31436 E llama-bench: vendor/qcom/proprietary/adsprpc/src/dspsignal.c:292: Error 0xd: dspsignal_cancel_wait failed (domain 3, ID 0) errno Success
05-26 19:12:57.892 31428 31436 E llama-bench: vendor/qcom/proprietary/adsprpc/src/dspsignal.c:275::Error: 0xd: (ds = signals->domain_signals[domain]) != NULL
05-26 19:12:57.892 31428 31436 E llama-bench: vendor/qcom/proprietary/adsprpc/src/dspsignal.c:292: Error 0xd: dspsignal_cancel_wait failed (domain 3, ID 1) errno Success
05-26 19:12:57.892 31428 31436 E llama-bench: vendor/qcom/proprietary/adsprpc/src/dspsignal.c:275::Error: 0xd: (ds = signals->domain_signals[domain]) != NULL
05-26 19:12:57.892 31428 31436 E llama-bench: vendor/qcom/proprietary/adsprpc/src/dspsignal.c:292: Error 0xd: dspsignal_cancel_wait failed (domain 3, ID 2) errno Success
05-26 19:12:57.892 31428 31436 E llama-bench: vendor/qcom/proprietary/adsprpc/src/dspsignal.c:275::Error: 0xd: (ds = signals->domain_signals[domain]) != NULL
05-26 19:12:57.892 31428 31436 E llama-bench: vendor/qcom/proprietary/adsprpc/src/dspsignal.c:292: Error 0xd: dspsignal_cancel_wait failed (domain 3, ID 3) errno Success
05-26 19:12:57.892 31428 31436 E llama-bench: vendor/qcom/proprietary/adsprpc/src/fastrpc_notif.c:56:Error 0xc: notif_fastrpc_thread FastRPC notification worker thread exited for domain 3 (errno Success), notif_domain_deinit started 0
05-26 19:12:57.892 31428 31434 W llama-bench: vendor/qcom/proprietary/adsprpc/src/log_config.c:394:Warning: file_watcher_thread received exit for domain 3, file llama-bench.farf
05-26 19:12:57.892 31428 31434 I llama-bench: vendor/qcom/proprietary/adsprpc/src/log_config.c:446: file_watcher_thread exiting for domain 3
05-26 19:12:57.892 31428 31435 I llama-bench: vendor/qcom/proprietary/adsprpc/src/fastrpc_latency.c:157: FastRPC latency thread for QoS exited
05-26 19:12:57.892 31428 31428 I llama-bench: vendor/qcom/proprietary/adsprpc/src/fastrpc_latency.c:69: latency thread joined
05-26 19:12:57.892 31428 31428 I llama-bench: vendor/qcom/proprietary/adsprpc/src/fastrpc_notif.c:72: fastrpc_notif_domain_deinit: Waiting for FastRPC notification worker thread to join
05-26 19:12:57.892 31428 31428 I llama-bench: vendor/qcom/proprietary/adsprpc/src/fastrpc_notif.c:80: fastrpc_notif_domain_deinit: Fastrpc notification worker thread joined
05-26 19:12:57.892 31428 31428 I llama-bench: vendor/qcom/proprietary/adsprpc/src/mod_table.c:792: open_mod_table_close: closed reverse module apps_std with handle 0xe5ffb3e8
05-26 19:12:57.896 31428 31428 I llama-bench: vendor/qcom/proprietary/adsprpc/src/fastrpc_apps_user.c:3706: close_device_node: closed dev 10 on domain 3
05-26 19:12:57.896 31428 31428 I llama-bench: vendor/qcom/proprietary/adsprpc/src/fastrpc_apps_user.c:3548: domain_deinit: closed device 10 on domain 3 (kill time 3490 us)
05-26 19:12:57.896 31428 31428 I llama-bench: vendor/qcom/proprietary/adsprpc/src/fastrpc_apps_user.c:3504: domain_deinit for domain 4: dev -1
05-26 19:12:57.896 31428 31428 I llama-bench: vendor/qcom/proprietary/adsprpc/src/fastrpc_apps_user.c:3504: domain_deinit for domain 5: dev -1
05-26 19:12:57.896 31428 31428 I llama-bench: vendor/qcom/proprietary/adsprpc/src/fastrpc_apps_user.c:3504: domain_deinit for domain 6: dev -1
05-26 19:12:57.896 31428 31428 I llama-bench: vendor/qcom/proprietary/adsprpc/src/fastrpc_apps_user.c:3504: domain_deinit for domain 7: dev -1
05-26 19:12:57.896 31428 31428 I llama-bench: vendor/qcom/proprietary/adsprpc/src/fastrpc_apps_user.c:3504: domain_deinit for domain 8: dev -1
05-26 19:12:57.896 31428 31428 I llama-bench: vendor/qcom/proprietary/adsprpc/src/fastrpc_apps_user.c:3504: domain_deinit for domain 9: dev -1
05-26 19:12:57.896 31428 31428 I llama-bench: vendor/qcom/proprietary/adsprpc/src/fastrpc_apps_user.c:3504: domain_deinit for domain 10: dev -1
05-26 19:12:57.896 31428 31428 I llama-bench: vendor/qcom/proprietary/adsprpc/src/fastrpc_apps_user.c:3504: domain_deinit for domain 11: dev -1
05-26 19:12:57.896 31428 31428 I llama-bench: vendor/qcom/proprietary/adsprpc/src/fastrpc_apps_user.c:3504: domain_deinit for domain 12: dev -1
05-26 19:12:57.896 31428 31428 I llama-bench: vendor/qcom/proprietary/adsprpc/src/fastrpc_apps_user.c:3504: domain_deinit for domain 13: dev -1
05-26 19:12:57.896 31428 31428 I llama-bench: vendor/qcom/proprietary/adsprpc/src/fastrpc_apps_user.c:3504: domain_deinit for domain 14: dev -1
05-26 19:12:57.896 31428 31428 I llama-bench: vendor/qcom/proprietary/adsprpc/src/fastrpc_apps_user.c:3504: domain_deinit for domain 15: dev -1
05-26 19:12:57.896 31428 31428 I llama-bench: vendor/qcom/proprietary/adsprpc/src/rpcmem_android.c:357: rpcmem_deinit_internal done
05-26 19:12:57.896 31428 31428 I llama-bench: vendor/qcom/proprietary/adsprpc/src/fastrpc_apps_user.c:4858: fastrpc_apps_user_deinit done
05-26 19:12:58.001  1798  2034 E HeatmapThread: ECT Thread time in milliseconds: 1779790378
05-26 19:12:58.003  1798  2034 D HeatmapThread: !@ batteryplugType : 2
05-26 19:12:58.003  1798  2034 D HeatmapThread: !@ batteryLevel : 79  batteryTemperature : 278 
05-26 19:12:58.003  1798  2034 D HeatmapThread: !@ Heatmap currtime: 29663172
05-26 19:12:58.003  1798  2034 D HeatmapThread: !@ Heatmap prevtime: 29663171
05-26 19:12:58.003  1798  2034 D HeatmapThread: !@ Heatmap plugstarttime: 29647331
05-26 19:12:58.003  1798  2034 D HeatmapThread: !@ Heatmap prevv_dsoh_update_time: 29663171
05-26 19:12:58.003  1798  2034 E HeatmapThread: !@ CAM New BSOH: 100
05-26 19:12:58.003  1798  2034 E HeatmapThread: !@ CAM is Working
05-26 19:12:58.185  2281  2901 E Watchdog: !@Sync: 31669 heap(MB): 122 / 150 FD: 1197 [2026-05-26 19:12:58.185]
05-26 19:12:58.799  1117  1120 D io_stats: !@ cpu boost: status(OFF), traffic_level(0), io_cpus(0x0), boosted_cpus(0x0), set_freq(0)
