---
source: manager/tests/sim/test_scenarios.rs
expression: formatted
---
kv_evict_h2o:
  - 0
  - 0
  - -0.021
  - -0.015
  - 0.003
  - 0
kv_evict_sliding:
  - 0
  - -0.002
  - -0.016
  - -0.004
  - -0.002
  - 0
kv_merge_d2o:
  - 0
  - -0
  - -0.012
  - 0.021
  - -0.008
  - 0
kv_quant_dynamic:
  - 0
  - 0.003
  - -0.029
  - 0.013
  - 0.006
  - 0
