---
source: manager/tests/sim/test_scenarios.rs
expression: formatted
---
kv_evict_h2o:
  - 0
  - 0.008
  - -0.025
  - -0
  - 0.013
  - 0
kv_evict_sliding:
  - 0
  - -0.006
  - -0.02
  - -0.029
  - 0.01
  - 0
kv_merge_d2o:
  - 0
  - -0.002
  - -0.015
  - 0.01
  - -0.01
  - 0
kv_quant_dynamic:
  - 0
  - 0.008
  - -0.034
  - 0.011
  - 0.005
  - 0
