--------- beginning of main
05-26 19:48:23.004  1798  2034 E HeatmapThread: ECT Thread time in milliseconds: 1779792503
05-26 19:48:23.008  1798  2034 D HeatmapThread: !@ batteryplugType : 2
05-26 19:48:23.008  1798  2034 D HeatmapThread: !@ batteryLevel : 79  batteryTemperature : 262 
05-26 19:48:23.008  1798  2034 D HeatmapThread: !@ Heatmap currtime: 29663208
05-26 19:48:23.008  1798  2034 D HeatmapThread: !@ Heatmap prevtime: 29663201
05-26 19:48:23.008  1798  2034 D HeatmapThread: !@ Heatmap plugstarttime: 29647331
05-26 19:48:23.008  1798  2034 D HeatmapThread: !@ Heatmap prevv_dsoh_update_time: 29663201
05-26 19:48:23.008  1798  2034 E HeatmapThread: !@ CAM New BSOH: 100
05-26 19:48:23.008  1798  2034 E HeatmapThread: !@ CAM is Working
--------- beginning of system
05-26 19:48:23.080  2281  3815 I BatteryService_BatteryPropertiesRegistrar: [getProperty]id:6
05-26 19:48:23.080  2281  3815 I BatteryService_BatteryPropertiesRegistrar: [getProperty]prop.long:-9223372036854775808 ,prop.string:null
05-26 19:48:23.081  2281  3815 I BatteryService_BatteryPropertiesRegistrar: [getProperty]id:4
05-26 19:48:23.082  2281  3815 I BatteryService_BatteryPropertiesRegistrar: [getProperty]prop.long:-9223372036854775808 ,prop.string:null
05-26 19:48:23.083  2281  3815 I SemWifiIntelligentTrainingManager: Tr. cond. check: false / 1 (2) / false / 0 (1)
05-26 19:48:23.083  2281  3815 I BatteryService_BatteryPropertiesRegistrar: [getProperty]id:6
05-26 19:48:23.083  2281  3815 I BatteryService_BatteryPropertiesRegistrar: [getProperty]prop.long:-9223372036854775808 ,prop.string:null
05-26 19:48:23.196  1760  1760 I seh_thermal_service: getTemperaturesWithType SehTemperatureType: 3
05-26 19:48:23.196  1758  1758 I sehhealth-service: updateLrpSysfs: write: 281
05-26 19:48:23.196  1758  1882 E BatteryDump: !@new_battery_dump : 4210,7,600,1500,79,262,257,262,262,0,281,262,0,Not-charging,NO_CHARGING,Normal,Good,USB_CDP,2,Normal,0,0,9300,0x8000,0x11010000,0x0,0,0,36,v0002,0000,0000,00000000,0,0,0,0,34,4211,7894,990,0,
05-26 19:48:23.227 31904 31904 E Adreno-AppProfiles: QSPM AIDL service doesn't exist
05-26 19:48:23.985  1117  1117 D io_stats: !@   8,0 r 3389616 138662208 w 3642338 65015096 d 834655 284921856 f 58797 382113 iot 1249264 0 th 0 0 0 pt 0 inp 0 0 952616.257
05-26 19:48:24.001  1798  2034 E HeatmapThread: ECT Thread time in milliseconds: 1779792504
05-26 19:48:24.002  1798  2034 D HeatmapThread: !@ batteryplugType : 2
05-26 19:48:24.002  1798  2034 D HeatmapThread: !@ batteryLevel : 79  batteryTemperature : 262 
05-26 19:48:24.002  1798  2034 D HeatmapThread: !@ Heatmap currtime: 29663208
05-26 19:48:24.002  1798  2034 D HeatmapThread: !@ Heatmap prevtime: 29663201
05-26 19:48:24.003  1798  2034 D HeatmapThread: !@ Heatmap plugstarttime: 29647331
05-26 19:48:24.003  1798  2034 D HeatmapThread: !@ Heatmap prevv_dsoh_update_time: 29663201
05-26 19:48:24.003  1798  2034 E HeatmapThread: !@ CAM New BSOH: 100
05-26 19:48:24.003  1798  2034 E HeatmapThread: !@ CAM is Working
05-26 19:48:24.234  2281  2976 D MARsPolicyManager: triggerAction called!
05-26 19:48:24.235  2281  2976 I NSLocationMonitor: getGPSUsingApps() called
05-26 19:48:24.235  5110  5156 I NSLocationManager_FLP: getGPSUsingApps, No change
05-26 19:48:25.001  1798  2034 E HeatmapThread: ECT Thread time in milliseconds: 1779792505
05-26 19:48:25.003  1798  2034 D HeatmapThread: !@ batteryplugType : 2
05-26 19:48:25.003  1798  2034 D HeatmapThread: !@ batteryLevel : 79  batteryTemperature : 262 
05-26 19:48:25.003  1798  2034 D HeatmapThread: !@ Heatmap currtime: 29663208
05-26 19:48:25.003  1798  2034 D HeatmapThread: !@ Heatmap prevtime: 29663201
05-26 19:48:25.003  1798  2034 D HeatmapThread: !@ Heatmap plugstarttime: 29647331
05-26 19:48:25.003  1798  2034 D HeatmapThread: !@ Heatmap prevv_dsoh_update_time: 29663201
05-26 19:48:25.003  1798  2034 E HeatmapThread: !@ CAM New BSOH: 100
05-26 19:48:25.003  1798  2034 E HeatmapThread: !@ CAM is Working
05-26 19:48:25.900 31904 31904 I DMABUFHEAPS: Using DMA-BUF heap named: system
05-26 19:48:25.900 31904 31904 I microbench_htp_rmsnorm: vendor/qcom/proprietary/adsprpc/src/rpcmem_android.c:210: set up allocator 0xb400007a446f5190 for DMA buf heap system, ION heap system, heap mask 0x2000000, flags 0x1, legacy flags 0x1
05-26 19:48:25.900 31904 31904 I microbench_htp_rmsnorm: vendor/qcom/proprietary/adsprpc/src/fastrpc_config.c:336: Reading configuration file: microbench_htp_rmsnorm.debugconfig
05-26 19:48:25.900 31904 31904 I microbench_htp_rmsnorm: vendor/qcom/proprietary/adsprpc/src/fastrpc_config.c:367: fastrpc_config_init: Couldn't find file microbench_htp_rmsnorm.debugconfig, errno (No such file or directory) at /vendor/lib64/rfs/dsp, /vendor/lib/rfsa/adsp,
05-26 19:48:25.900 31904 31904 I microbench_htp_rmsnorm: vendor/qcom/proprietary/adsprpc/src/fastrpc_apps_user.c:4957: fastrpc_apps_user_init done  with default domain:3 and &fastrpc_trace:0x792d4f9680
05-26 19:48:25.900 31904 31904 I microbench_htp_rmsnorm: vendor/qcom/proprietary/adsprpc/src/fastrpc_apps_user.c:5071: multidsplib_env_init: libcdsprpc.so loaded
05-26 19:48:25.900 31904 31904 I microbench_htp_rmsnorm: vendor/qcom/proprietary/adsprpc/src/fastrpc_apps_user.c:2890: remote_session_control Unsigned PD enable 1 request for domain 3
05-26 19:48:25.900 31904 31904 I microbench_htp_rmsnorm: vendor/qcom/proprietary/adsprpc/src/fastrpc_apps_user.c:2332: Info: remote_get_info capability of attribute 133 for domain 3 is 1
05-26 19:48:25.900 31904 31904 I microbench_htp_rmsnorm: vendor/qcom/proprietary/adsprpc/src/fastrpc_apps_user.c:3706: close_device_node: closed dev 9 on domain 3
05-26 19:48:25.900 31904 31904 E microbench_htp_rmsnorm: vendor/qcom/proprietary/adsprpc/src/fastrpc_apps_user.c:3868: Error 0xd: open_shell failed for domain 3 search paths used are /usr/lib/dsp/, /vendor/dsp/, /vendor/dsp/xdsp/ (errno Permission denied)
05-26 19:48:25.900 31904 31904 W libc    : Access denied finding property "persist.vendor.fastrpc.process.attrs"
05-26 19:48:25.900 31904 31904 W libc    : Access denied finding property "persist.vendor.fastrpc.process.clockvote"
05-26 19:48:25.901  2353  2393 I cdsprpcd: vendor/qcom/proprietary/adsprpc/src/apps_std_imp.c:1023: Successfully opened file /vendor/dsp/cdsp/fastrpc_shell_unsigned_3
05-26 19:48:25.922 31904 31904 I microbench_htp_rmsnorm: vendor/qcom/proprietary/adsprpc/src/fastrpc_apps_user.c:3948: Created user PD on domain 3, dbg_trace 0x0, enabled attr=> RPC timeout:0, Dbg Mode:N, CRC:N, Unsigned:Y, Signed:N, Adapt QOS:N, PD dump: (Config:N, Dbg:N), Perf: (Kernel:N, DSP:N), Iregion:N, QTF:N, UAF:N userPD initmem len:0x500000, Log pkt: N
05-26 19:48:25.922 31904 31904 E microbench_htp_rmsnorm: vendor/qcom/proprietary/adsprpc/src/fastrpc_apps_user.c:3903: Error 0xffffffff: fastrpc_enable_kernel_optimizations failed for domain 3 (Bad address)
05-26 19:48:25.922 31904 31915 I microbench_htp_rmsnorm: vendor/qcom/proprietary/adsprpc/src/listener_android.c:119: listener thread starting
05-26 19:48:25.922 31904 31904 E microbench_htp_rmsnorm: vendor/qcom/proprietary/adsprpc/src/log_config.c:608:Error : Unable to add watcher for folder /vendor/lib64/rfs/dsp : errno is Permission denied
05-26 19:48:25.922 31904 31904 E microbench_htp_rmsnorm: vendor/qcom/proprietary/adsprpc/src/log_config.c:608:Error : Unable to add watcher for folder /vendor/lib/rfsa/adsp : errno is Permission denied
05-26 19:48:25.922 31904 31904 I microbench_htp_rmsnorm: vendor/qcom/proprietary/adsprpc/src/fastrpc_perf.c:292: fastrpc_perf_init: enabled systrace 0x0 and RPC traces (kernel 0, dsp 0) with frequency 1000
05-26 19:48:25.922 31904 31904 I microbench_htp_rmsnorm: vendor/qcom/proprietary/adsprpc/src/fastrpc_apps_user.c:2332: Info: remote_get_info capability of attribute 129 for domain 3 is 1
05-26 19:48:25.922 31904 31916 I microbench_htp_rmsnorm: vendor/qcom/proprietary/adsprpc/src/log_config.c:360: file_watcher_thread starting for domain 3
05-26 19:48:25.922 31904 31916 W microbench_htp_rmsnorm: vendor/qcom/proprietary/adsprpc/src/log_config.c:380:file_watcher_thread: Couldn't find file microbench_htp_rmsnorm.farf, errno (No such file or directory) at ;/vendor/lib64/rfs/dsp;/vendor/lib/rfsa/adsp;/vendor/lib/rfsa/dsp;/vendor/dsp;
05-26 19:48:25.923 31904 31915 I microbench_htp_rmsnorm: vendor/qcom/proprietary/adsprpc/src/mod_table.c:701: open_mod_table_open_from_static: reverse module apps_std opened with handle 0x2d4fc3e8 (idx 0)
05-26 19:48:25.924 31904 31915 D microbench_htp_rmsnorm: vendor/qcom/proprietary/adsprpc/src/apps_std_imp.c:382: apps_std_fopen_fd done for ./libggml-htp-v79.so with       fopen:20us, read:160us, rpc_alloc:40us,       mmap:246us fd 0x11 error_code 0x0
05-26 19:48:25.924 31904 31915 I microbench_htp_rmsnorm: vendor/qcom/proprietary/adsprpc/src/apps_std_imp.c:1133: Successfully opened file ./libggml-htp-v79.so
05-26 19:48:25.927 31904 31904 I microbench_htp_rmsnorm: vendor/qcom/proprietary/adsprpc/src/fastrpc_apps_user.c:1800: remote_handle64_open: opened handle 0xb400007aa4764910 (remote 0x2d2f60) for file:///libggml-htp-v79.so?htp_iface_skel_handle_invoke&_modver=1.0&_dom=cdsp&_session=0 on domain 3 (spawn time 22540 us, load time 5118 us), refs 1
05-26 19:48:25.928 31904 31917 I microbench_htp_rmsnorm: vendor/qcom/proprietary/adsprpc/src/fastrpc_latency.c:98: fastrpc_latency_thread_handler started for QoS with activity window 100 ms
05-26 19:48:25.928 31904 31904 I microbench_htp_rmsnorm: vendor/qcom/proprietary/adsprpc/src/fastrpc_apps_user.c:2515: remote_handle_control_domain: requested QOS 1, latency 0 for domain 3 handle 0xb400007aa4764910
05-26 19:48:25.928 31904 31904 I microbench_htp_rmsnorm: vendor/qcom/proprietary/adsprpc/src/fastrpc_apps_user.c:1800: remote_handle64_open: opened handle 0xb400007aa4762ad0 (remote 0x2d2d60) for file:///libdspqueue_rpc_skel.so?dspqueue_rpc_skel_handle_invoke&_modver=1.0&_dom=cdsp&_session=0 on domain 3 (spawn time 0 us, load time 292 us), refs 2
05-26 19:48:25.928 31904 31904 I microbench_htp_rmsnorm: vendor/qcom/proprietary/adsprpc/src/fastrpc_apps_user.c:2332: Info: remote_get_info capability of attribute 10 for domain 3 is 1
05-26 19:48:25.929 31904 31904 I microbench_htp_rmsnorm: vendor/qcom/proprietary/adsprpc/src/fastrpc_notif.c:103: fastrpc_notif_domain_init: FastRPC notification worker thread launched
05-26 19:48:25.929 31904 31904 I microbench_htp_rmsnorm: vendor/qcom/proprietary/adsprpc/src/fastrpc_apps_user.c:3026: remote_session_control Register PD status notification request for domain 3
05-26 19:48:25.929 31904 31918 I microbench_htp_rmsnorm: vendor/qcom/proprietary/adsprpc/src/fastrpc_apps_user.c:2205: get_remote_notif_response: received status notification 0 for domain 3, session 0
05-26 19:48:25.929 31904 31904 I microbench_htp_rmsnorm: vendor/qcom/proprietary/adsprpc/src/fastrpc_apps_user.c:2332: Info: remote_get_info capability of attribute 130 for domain 3 is 1
05-26 19:48:25.929 31904 31904 I microbench_htp_rmsnorm: vendor/qcom/proprietary/adsprpc/src/fastrpc_apps_user.c:2332: Info: remote_get_info capability of attribute 259 for domain 3 is 1
05-26 19:48:25.930 31904 31904 I microbench_htp_rmsnorm: vendor/qcom/proprietary/adsprpc/src/fastrpc_apps_user.c:2332: Info: remote_get_info capability of attribute 257 for domain 3 is 1
05-26 19:48:25.930 31904 31904 E microbench_htp_rmsnorm: vendor/qcom/proprietary/adsprpc/src/fastrpc_apps_user.c:1477: Error 0x80000414: remote_handle64_invoke failed for handle 0xb400007aa4762ad0, interface libdspqueue_rpc_skel.so method 3 on domain 3 (sc 0x3010100) (errno Success) (user err 0x80000414)
05-26 19:48:25.930 31904 31904 I microbench_htp_rmsnorm: vendor/qcom/proprietary/adsprpc/src/dspqueue/dspqueue_cpu.c:642: dspqueue_create: created Queue 0, 0xb400007a446f9cd0, DSP 0x00000000 for domain 3
05-26 19:48:25.932 31904 31904 E microbench_htp_rmsnorm: vendor/qcom/proprietary/adsprpc/src/fastrpc_mem.c:954: fastrpc_buffer_ref: Attempting to remove last reference to buffer 18 on domain 3
05-26 19:48:25.932 31904 31904 E microbench_htp_rmsnorm: vendor/qcom/proprietary/adsprpc/src/fastrpc_mem.c:966: Error 0xe: fastrpc_buffer_ref failed (domain 3, fd 18, ref -1)
05-26 19:48:25.932 31904 31904 E microbench_htp_rmsnorm: vendor/qcom/proprietary/adsprpc/src/dspqueue/dspqueue_cpu.c:1196::error: 0xe: nErr == 0
05-26 19:48:25.932 31904 31904 E microbench_htp_rmsnorm: vendor/qcom/proprietary/adsprpc/src/dspqueue/dspqueue_cpu.c:1283: Error 0xe: dspqueue_write_noblock failed for queue 0xb400007a446f9cd0 (flags 0x3, num_buffers 2, message_length 312)
05-26 19:48:25.932 31904 31904 E microbench_htp_rmsnorm: vendor/qcom/proprietary/adsprpc/src/dspqueue/dspqueue_cpu.c:1362: Error 0xe: dspqueue_write failed for queue 0xb400007a446f9cd0 (flags 0x0, num_buffers 2, message_length 312 errno Success)
05-26 19:48:25.934 31904 31904 I microbench_htp_rmsnorm: vendor/qcom/proprietary/adsprpc/src/dspqueue/dspqueue_cpu.c:849: dspqueue_close: destroying queues and signals for domain 3
05-26 19:48:25.934 31904 31904 W microbench_htp_rmsnorm: vendor/qcom/proprietary/adsprpc/src/fastrpc_apps_user.c:1849:Warning: remote_handle_close: Non-domain usage of FastRPC will be deprecated, use domains to offload to DSP using FastRPC
05-26 19:48:25.934 31904 31904 I microbench_htp_rmsnorm: vendor/qcom/proprietary/adsprpc/src/fastrpc_apps_user.c:1835: remote_handle_close_domain: closed handle 0x2d2d60 (skel unload time 277 us)
05-26 19:48:25.934 31904 31904 I microbench_htp_rmsnorm: vendor/qcom/proprietary/adsprpc/src/fastrpc_apps_user.c:1920: remote_handle64_close: closed handle 0xb400007aa4762ad0 remote handle 0x2d2d60 name libdspqueue_rpc_skel.so, refs 1 domain 3
05-26 19:48:25.934 31904 31904 I microbench_htp_rmsnorm: vendor/qcom/proprietary/adsprpc/src/fastrpc_apps_user.c:1688: List of open handles on domain 3:
05-26 19:48:25.935 31904 31904 I microbench_htp_rmsnorm: vendor/qcom/proprietary/adsprpc/src/fastrpc_apps_user.c:1694: libggml-htp-v79.so, handle 0x2d2f60
05-26 19:48:25.935 31904 31904 I microbench_htp_rmsnorm: vendor/qcom/proprietary/adsprpc/src/dspsignal.c:123: dspsignal_domain_deinit done for domain 3
05-26 19:48:25.935 31904 31904 I microbench_htp_rmsnorm: vendor/qcom/proprietary/adsprpc/src/dspqueue/dspqueue_cpu.c:855: dspqueue_close: closed Queue 0, 0xb400007a446f9cd0, DSP 0x00000000 for domain 3
05-26 19:48:25.935 31904 31904 I microbench_htp_rmsnorm: vendor/qcom/proprietary/adsprpc/src/fastrpc_apps_user.c:3504: domain_deinit for domain 3: dev 9
05-26 19:48:25.935 31904 31918 I microbench_htp_rmsnorm: vendor/qcom/proprietary/adsprpc/src/fastrpc_apps_user.c:2205: get_remote_notif_response: received status notification 1 for domain 3, session 0
05-26 19:48:25.935 31904 31904 I microbench_htp_rmsnorm: vendor/qcom/proprietary/adsprpc/src/dspsignal.c:123: dspsignal_domain_deinit done for domain 3
05-26 19:48:25.935 31904 31918 I microbench_htp_rmsnorm: vendor/qcom/proprietary/adsprpc/src/dspqueue/dspqueue_cpu.c:2214: dspqueue_notif_callback for domain 3, session 0, status 1
05-26 19:48:25.935 31904 31918 E microbench_htp_rmsnorm: vendor/qcom/proprietary/adsprpc/src/fastrpc_notif.c:56:Error 0xc: notif_fastrpc_thread FastRPC notification worker thread exited for domain 3 (errno Success), notif_domain_deinit started 0
05-26 19:48:25.935 31904 31916 W microbench_htp_rmsnorm: vendor/qcom/proprietary/adsprpc/src/log_config.c:394:Warning: file_watcher_thread received exit for domain 3, file microbench_htp_rmsnorm.farf
05-26 19:48:25.935 31904 31916 I microbench_htp_rmsnorm: vendor/qcom/proprietary/adsprpc/src/log_config.c:446: file_watcher_thread exiting for domain 3
05-26 19:48:25.936 31904 31917 I microbench_htp_rmsnorm: vendor/qcom/proprietary/adsprpc/src/fastrpc_latency.c:157: FastRPC latency thread for QoS exited
05-26 19:48:25.936 31904 31904 I microbench_htp_rmsnorm: vendor/qcom/proprietary/adsprpc/src/fastrpc_latency.c:69: latency thread joined
05-26 19:48:25.936 31904 31904 I microbench_htp_rmsnorm: vendor/qcom/proprietary/adsprpc/src/fastrpc_notif.c:72: fastrpc_notif_domain_deinit: Waiting for FastRPC notification worker thread to join
05-26 19:48:25.936 31904 31904 I microbench_htp_rmsnorm: vendor/qcom/proprietary/adsprpc/src/fastrpc_notif.c:80: fastrpc_notif_domain_deinit: Fastrpc notification worker thread joined
05-26 19:48:25.936 31904 31904 I microbench_htp_rmsnorm: vendor/qcom/proprietary/adsprpc/src/mod_table.c:792: open_mod_table_close: closed reverse module apps_std with handle 0x2d4fc3e8
05-26 19:48:25.942 31904 31904 I microbench_htp_rmsnorm: vendor/qcom/proprietary/adsprpc/src/fastrpc_apps_user.c:3706: close_device_node: closed dev 9 on domain 3
05-26 19:48:25.942 31904 31904 I microbench_htp_rmsnorm: vendor/qcom/proprietary/adsprpc/src/fastrpc_apps_user.c:3548: domain_deinit: closed device 9 on domain 3 (kill time 6322 us)
05-26 19:48:25.942 31904 31904 I microbench_htp_rmsnorm: vendor/qcom/proprietary/adsprpc/src/fastrpc_apps_user.c:1920: remote_handle64_close: closed handle 0xb400007aa4764910 remote handle 0x2d2f60 name libggml-htp-v79.so, refs 0 domain 3
05-26 19:48:25.943 31904 31904 I microbench_htp_rmsnorm: vendor/qcom/proprietary/adsprpc/src/fastrpc_apps_user.c:1688: List of open handles on domain 3:
05-26 19:48:25.943 31904 31904 I microbench_htp_rmsnorm: vendor/qcom/proprietary/adsprpc/src/fastrpc_apps_user.c:4532: close_dev: unloading library libcdsprpc.so
05-26 19:48:25.943 31904 31904 I microbench_htp_rmsnorm: vendor/qcom/proprietary/adsprpc/src/fastrpc_apps_user.c:3504: domain_deinit for domain 0: dev -1
05-26 19:48:25.943 31904 31904 I microbench_htp_rmsnorm: vendor/qcom/proprietary/adsprpc/src/fastrpc_apps_user.c:3504: domain_deinit for domain 1: dev -1
05-26 19:48:25.943 31904 31904 I microbench_htp_rmsnorm: vendor/qcom/proprietary/adsprpc/src/fastrpc_apps_user.c:3504: domain_deinit for domain 2: dev -1
05-26 19:48:25.943 31904 31904 I microbench_htp_rmsnorm: vendor/qcom/proprietary/adsprpc/src/fastrpc_apps_user.c:3504: domain_deinit for domain 3: dev -1
05-26 19:48:25.943 31904 31904 I microbench_htp_rmsnorm: vendor/qcom/proprietary/adsprpc/src/fastrpc_apps_user.c:3504: domain_deinit for domain 4: dev -1
05-26 19:48:25.943 31904 31904 I microbench_htp_rmsnorm: vendor/qcom/proprietary/adsprpc/src/fastrpc_apps_user.c:3504: domain_deinit for domain 5: dev -1
05-26 19:48:25.943 31904 31904 I microbench_htp_rmsnorm: vendor/qcom/proprietary/adsprpc/src/fastrpc_apps_user.c:3504: domain_deinit for domain 6: dev -1
05-26 19:48:25.943 31904 31904 I microbench_htp_rmsnorm: vendor/qcom/proprietary/adsprpc/src/fastrpc_apps_user.c:3504: domain_deinit for domain 7: dev -1
05-26 19:48:25.943 31904 31904 I microbench_htp_rmsnorm: vendor/qcom/proprietary/adsprpc/src/fastrpc_apps_user.c:3504: domain_deinit for domain 8: dev -1
05-26 19:48:25.943 31904 31904 I microbench_htp_rmsnorm: vendor/qcom/proprietary/adsprpc/src/fastrpc_apps_user.c:3504: domain_deinit for domain 9: dev -1
05-26 19:48:25.943 31904 31904 I microbench_htp_rmsnorm: vendor/qcom/proprietary/adsprpc/src/fastrpc_apps_user.c:3504: domain_deinit for domain 10: dev -1
05-26 19:48:25.943 31904 31904 I microbench_htp_rmsnorm: vendor/qcom/proprietary/adsprpc/src/fastrpc_apps_user.c:3504: domain_deinit for domain 11: dev -1
05-26 19:48:25.943 31904 31904 I microbench_htp_rmsnorm: vendor/qcom/proprietary/adsprpc/src/fastrpc_apps_user.c:3504: domain_deinit for domain 12: dev -1
05-26 19:48:25.943 31904 31904 I microbench_htp_rmsnorm: vendor/qcom/proprietary/adsprpc/src/fastrpc_apps_user.c:3504: domain_deinit for domain 13: dev -1
05-26 19:48:25.943 31904 31904 I microbench_htp_rmsnorm: vendor/qcom/proprietary/adsprpc/src/fastrpc_apps_user.c:3504: domain_deinit for domain 14: dev -1
05-26 19:48:25.943 31904 31904 I microbench_htp_rmsnorm: vendor/qcom/proprietary/adsprpc/src/fastrpc_apps_user.c:3504: domain_deinit for domain 15: dev -1
05-26 19:48:25.943 31904 31904 I microbench_htp_rmsnorm: vendor/qcom/proprietary/adsprpc/src/rpcmem_android.c:357: rpcmem_deinit_internal done
05-26 19:48:25.943 31904 31904 I microbench_htp_rmsnorm: vendor/qcom/proprietary/adsprpc/src/fastrpc_apps_user.c:4858: fastrpc_apps_user_deinit done
05-26 19:48:25.985  1117  1117 D io_stats: !@ Write_top(KB): kworker/u17:3:/(26182) 1540 vendor.samsung.:normal(1758) 12
05-26 19:48:26.002  1798  2034 E HeatmapThread: ECT Thread time in milliseconds: 1779792506
05-26 19:48:26.004  1798  2034 D HeatmapThread: !@ batteryplugType : 2
05-26 19:48:26.004  1798  2034 D HeatmapThread: !@ batteryLevel : 79  batteryTemperature : 262 
05-26 19:48:26.005  1798  2034 D HeatmapThread: !@ Heatmap currtime: 29663208
05-26 19:48:26.005  1798  2034 D HeatmapThread: !@ Heatmap prevtime: 29663201
05-26 19:48:26.005  1798  2034 D HeatmapThread: !@ Heatmap plugstarttime: 29647331
05-26 19:48:26.005  1798  2034 D HeatmapThread: !@ Heatmap prevv_dsoh_update_time: 29663201
05-26 19:48:26.005  1798  2034 E HeatmapThread: !@ CAM New BSOH: 100
05-26 19:48:26.005  1798  2034 E HeatmapThread: !@ CAM is Working
05-26 19:48:26.566  2281  6076 D NetdEventListenerService: CSC Feature value: true
